// Vitest Snapshot v1, https://vitest.dev/guide/snapshot.html

exports[`SpinnerTest > should match snapshot 1`] = `
<div
  class="uNyezq_ldsRoller"
  data-testid="spinner"
>
  <div />
  <div />
  <div />
  <div />
  <div />
  <div />
  <div />
  <div />
</div>
`;
